{
  "version": "1.5.0",
  "plugins_used": [
    {
      "name": "ArtifactoryDetector"
    },
    {
      "name": "AWSKeyDetector"
    },
    {
      "name": "AzureStorageKeyDetector"
    },
    {
      "name": "Base64HighEntropyString",
      "limit": 4.5
    },
    {
      "name": "BasicAuthDetector"
    },
    {
      "name": "CloudantDetector"
    },
    {
      "name": "DiscordBotTokenDetector"
    },
    {
      "name": "GitHubTokenDetector"
    },
    {
      "name": "GitLabTokenDetector"
    },
    {
      "name": "HexHighEntropyString",
      "limit": 3.0
    },
    {
      "name": "IbmCloudIamDetector"
    },
    {
      "name": "IbmCosHmacDetector"
    },
    {
      "name": "IPPublicDetector"
    },
    {
      "name": "JwtTokenDetector"
    },
    {
      "name": "KeywordDetector",
      "keyword_exclude": ""
    },
    {
      "name": "MailchimpDetector"
    },
    {
      "name": "NpmDetector"
    },
    {
      "name": "OpenAIDetector"
    },
    {
      "name": "PrivateKeyDetector"
    },
    {
      "name": "PypiTokenDetector"
    },
    {
      "name": "SendGridDetector"
    },
    {
      "name": "SlackDetector"
    },
    {
      "name": "SoftlayerDetector"
    },
    {
      "name": "SquareOAuthDetector"
    },
    {
      "name": "StripeDetector"
    },
    {
      "name": "TelegramBotTokenDetector"
    },
    {
      "name": "TwilioKeyDetector"
    }
  ],
  "filters_used": [
    {
      "path": "detect_secrets.filters.allowlist.is_line_allowlisted"
    },
    {
      "path": "detect_secrets.filters.common.is_baseline_file",
      "filename": ".secrets.baseline"
    },
    {
      "path": "detect_secrets.filters.common.is_ignored_due_to_verification_policies",
      "min_level": 2
    },
    {
      "path": "detect_secrets.filters.heuristic.is_indirect_reference"
    },
    {
      "path": "detect_secrets.filters.heuristic.is_likely_id_string"
    },
    {
      "path": "detect_secrets.filters.heuristic.is_lock_file"
    },
    {
      "path": "detect_secrets.filters.heuristic.is_not_alphanumeric_string"
    },
    {
      "path": "detect_secrets.filters.heuristic.is_potential_uuid"
    },
    {
      "path": "detect_secrets.filters.heuristic.is_prefixed_with_dollar_sign"
    },
    {
      "path": "detect_secrets.filters.heuristic.is_sequential_string"
    },
    {
      "path": "detect_secrets.filters.heuristic.is_swagger_file"
    },
    {
      "path": "detect_secrets.filters.heuristic.is_templated_secret"
    },
    {
      "path": "detect_secrets.filters.regex.should_exclude_file",
      "pattern": [
        "eval_output/.*"
      ]
    }
  ],
  "results": {
    "dagua/eval/ruler_v4/contracts.py": [
      {
        "type": "Hex High Entropy String",
        "filename": "dagua/eval/ruler_v4/contracts.py",
        "hashed_secret": "1e353364707650222670abb1f0b4154ccce82d06",
        "is_verified": false,
        "line_number": 31
      },
      {
        "type": "Hex High Entropy String",
        "filename": "dagua/eval/ruler_v4/contracts.py",
        "hashed_secret": "88f571bb813d6633de80223151c2455aa6181bb5",
        "is_verified": false,
        "line_number": 36
      },
      {
        "type": "Hex High Entropy String",
        "filename": "dagua/eval/ruler_v4/contracts.py",
        "hashed_secret": "7630f0ab99e350ba65d9247701fedc9e9052ac8a",
        "is_verified": false,
        "line_number": 41
      },
      {
        "type": "Hex High Entropy String",
        "filename": "dagua/eval/ruler_v4/contracts.py",
        "hashed_secret": "5efac68f1ac517f38c82880b9479cbfd194904fc",
        "is_verified": false,
        "line_number": 46
      },
      {
        "type": "Hex High Entropy String",
        "filename": "dagua/eval/ruler_v4/contracts.py",
        "hashed_secret": "405bf2205abf2142aaf829092d7bef66037ac07c",
        "is_verified": false,
        "line_number": 51
      },
      {
        "type": "Hex High Entropy String",
        "filename": "dagua/eval/ruler_v4/contracts.py",
        "hashed_secret": "5e1c4bf09761deeecb5d2e9e4ba306e427fc5b73",
        "is_verified": false,
        "line_number": 56
      },
      {
        "type": "Hex High Entropy String",
        "filename": "dagua/eval/ruler_v4/contracts.py",
        "hashed_secret": "d9d356180a10a08b6054404e29ca7ebbca3abd58",
        "is_verified": false,
        "line_number": 61
      },
      {
        "type": "Hex High Entropy String",
        "filename": "dagua/eval/ruler_v4/contracts.py",
        "hashed_secret": "14df8c36742a1018f85c00bd5c978b6d41d39fa9",
        "is_verified": false,
        "line_number": 66
      },
      {
        "type": "Hex High Entropy String",
        "filename": "dagua/eval/ruler_v4/contracts.py",
        "hashed_secret": "7ee43821e0084f66ec992a6cab638bbaa241956c",
        "is_verified": false,
        "line_number": 71
      },
      {
        "type": "Hex High Entropy String",
        "filename": "dagua/eval/ruler_v4/contracts.py",
        "hashed_secret": "fe00d4c0d91b770dee39bc673512371576351b9b",
        "is_verified": false,
        "line_number": 76
      },
      {
        "type": "Hex High Entropy String",
        "filename": "dagua/eval/ruler_v4/contracts.py",
        "hashed_secret": "10a1944dca45200407590304539d8d79a87306c3",
        "is_verified": false,
        "line_number": 81
      },
      {
        "type": "Hex High Entropy String",
        "filename": "dagua/eval/ruler_v4/contracts.py",
        "hashed_secret": "eb21f5b098faee9fe8bbfe87dfbf168777e6aac2",
        "is_verified": false,
        "line_number": 86
      },
      {
        "type": "Hex High Entropy String",
        "filename": "dagua/eval/ruler_v4/contracts.py",
        "hashed_secret": "9bf66edd08860f7f67796c579144ee6e3665ce43",
        "is_verified": false,
        "line_number": 91
      },
      {
        "type": "Hex High Entropy String",
        "filename": "dagua/eval/ruler_v4/contracts.py",
        "hashed_secret": "cfa063571ceec980b04578944fe72e7c31b3ca11",
        "is_verified": false,
        "line_number": 96
      },
      {
        "type": "Hex High Entropy String",
        "filename": "dagua/eval/ruler_v4/contracts.py",
        "hashed_secret": "efc0f8d27b8fb27262b89cc721025bcbf10a181e",
        "is_verified": false,
        "line_number": 101
      },
      {
        "type": "Hex High Entropy String",
        "filename": "dagua/eval/ruler_v4/contracts.py",
        "hashed_secret": "d29990b3b774c6d5fd5ad0cb78c1a401992c0626",
        "is_verified": false,
        "line_number": 106
      },
      {
        "type": "Hex High Entropy String",
        "filename": "dagua/eval/ruler_v4/contracts.py",
        "hashed_secret": "a50c69392dc9c7d996d196d0992b5c2b9805d1b9",
        "is_verified": false,
        "line_number": 111
      },
      {
        "type": "Hex High Entropy String",
        "filename": "dagua/eval/ruler_v4/contracts.py",
        "hashed_secret": "34c8155ce906db760579234653e3dcbc04abb1e0",
        "is_verified": false,
        "line_number": 116
      },
      {
        "type": "Hex High Entropy String",
        "filename": "dagua/eval/ruler_v4/contracts.py",
        "hashed_secret": "475c558b0ac8332b8d81c0a797f3b70091fbe99c",
        "is_verified": false,
        "line_number": 121
      },
      {
        "type": "Hex High Entropy String",
        "filename": "dagua/eval/ruler_v4/contracts.py",
        "hashed_secret": "baade56783164bed300bfcbc3bf87b8d8347bc3d",
        "is_verified": false,
        "line_number": 126
      },
      {
        "type": "Hex High Entropy String",
        "filename": "dagua/eval/ruler_v4/contracts.py",
        "hashed_secret": "261933c69754b80a548ebbc2de3ae2f45c948e76",
        "is_verified": false,
        "line_number": 131
      },
      {
        "type": "Hex High Entropy String",
        "filename": "dagua/eval/ruler_v4/contracts.py",
        "hashed_secret": "55de588fc2a25a0e17a5f8335dad108665c00af2",
        "is_verified": false,
        "line_number": 136
      },
      {
        "type": "Hex High Entropy String",
        "filename": "dagua/eval/ruler_v4/contracts.py",
        "hashed_secret": "bd6dfb40b5b2003851bbf2d24576dabecbd29f61",
        "is_verified": false,
        "line_number": 141
      },
      {
        "type": "Hex High Entropy String",
        "filename": "dagua/eval/ruler_v4/contracts.py",
        "hashed_secret": "3893e1321b2fe61ddb71d6b027403abf79e99a2b",
        "is_verified": false,
        "line_number": 146
      },
      {
        "type": "Hex High Entropy String",
        "filename": "dagua/eval/ruler_v4/contracts.py",
        "hashed_secret": "e53ce1436d3592b090059985a8975a8c93a3a203",
        "is_verified": false,
        "line_number": 151
      },
      {
        "type": "Hex High Entropy String",
        "filename": "dagua/eval/ruler_v4/contracts.py",
        "hashed_secret": "fac23e03b1ccbd458f931cf2e0314655f0f13098",
        "is_verified": false,
        "line_number": 156
      },
      {
        "type": "Hex High Entropy String",
        "filename": "dagua/eval/ruler_v4/contracts.py",
        "hashed_secret": "a7ad0ceb779d510acd200bd87a893c9fc132bba5",
        "is_verified": false,
        "line_number": 161
      },
      {
        "type": "Hex High Entropy String",
        "filename": "dagua/eval/ruler_v4/contracts.py",
        "hashed_secret": "754fa681c24c0a6d45cd1ac134b7c263e476798c",
        "is_verified": false,
        "line_number": 166
      },
      {
        "type": "Hex High Entropy String",
        "filename": "dagua/eval/ruler_v4/contracts.py",
        "hashed_secret": "5e4c747c44f9269212f305d061f364438a8a38fc",
        "is_verified": false,
        "line_number": 171
      },
      {
        "type": "Hex High Entropy String",
        "filename": "dagua/eval/ruler_v4/contracts.py",
        "hashed_secret": "b0d83b35b8ade71149afb86bee22b78798e4a3d7",
        "is_verified": false,
        "line_number": 176
      },
      {
        "type": "Hex High Entropy String",
        "filename": "dagua/eval/ruler_v4/contracts.py",
        "hashed_secret": "3069b9569af33d40dbfbf8f77ba1c862e35082e2",
        "is_verified": false,
        "line_number": 181
      },
      {
        "type": "Hex High Entropy String",
        "filename": "dagua/eval/ruler_v4/contracts.py",
        "hashed_secret": "abf961e9d329853199a67375c2392d833a746459",
        "is_verified": false,
        "line_number": 186
      },
      {
        "type": "Hex High Entropy String",
        "filename": "dagua/eval/ruler_v4/contracts.py",
        "hashed_secret": "238097ca5800e345aae9722b5ded049b97b39bb9",
        "is_verified": false,
        "line_number": 191
      },
      {
        "type": "Hex High Entropy String",
        "filename": "dagua/eval/ruler_v4/contracts.py",
        "hashed_secret": "7b137190c43c524c06a5800ea52693fd3cee471c",
        "is_verified": false,
        "line_number": 196
      },
      {
        "type": "Hex High Entropy String",
        "filename": "dagua/eval/ruler_v4/contracts.py",
        "hashed_secret": "9b518218bcd41ecf80ea3ec48dc1450079d5220a",
        "is_verified": false,
        "line_number": 201
      },
      {
        "type": "Hex High Entropy String",
        "filename": "dagua/eval/ruler_v4/contracts.py",
        "hashed_secret": "8c32535e73703bfe2a60a340c5f59a28b08ce636",
        "is_verified": false,
        "line_number": 206
      },
      {
        "type": "Hex High Entropy String",
        "filename": "dagua/eval/ruler_v4/contracts.py",
        "hashed_secret": "60b1cc1ae9d452fb370155db3ae319a43d1d7d8a",
        "is_verified": false,
        "line_number": 218
      },
      {
        "type": "Hex High Entropy String",
        "filename": "dagua/eval/ruler_v4/contracts.py",
        "hashed_secret": "536b1048a5a2de55ce960697807c9078fa4eea31",
        "is_verified": false,
        "line_number": 223
      },
      {
        "type": "Hex High Entropy String",
        "filename": "dagua/eval/ruler_v4/contracts.py",
        "hashed_secret": "fc3865e348eac1cf8e8c41fae10f8715aad6647f",
        "is_verified": false,
        "line_number": 228
      },
      {
        "type": "Hex High Entropy String",
        "filename": "dagua/eval/ruler_v4/contracts.py",
        "hashed_secret": "ce11bad51b64179fb5cf030e674186c478769ea4",
        "is_verified": false,
        "line_number": 233
      },
      {
        "type": "Hex High Entropy String",
        "filename": "dagua/eval/ruler_v4/contracts.py",
        "hashed_secret": "a12bda0934e7e25170d4f5ee24a64758649ab752",
        "is_verified": false,
        "line_number": 238
      },
      {
        "type": "Hex High Entropy String",
        "filename": "dagua/eval/ruler_v4/contracts.py",
        "hashed_secret": "84174c60da059e7a4c319f615081885c4218cefe",
        "is_verified": false,
        "line_number": 243
      },
      {
        "type": "Hex High Entropy String",
        "filename": "dagua/eval/ruler_v4/contracts.py",
        "hashed_secret": "91aac229b2961785646e4ebaf806c2530012fca6",
        "is_verified": false,
        "line_number": 248
      },
      {
        "type": "Hex High Entropy String",
        "filename": "dagua/eval/ruler_v4/contracts.py",
        "hashed_secret": "1eba9685adb75f64cb4b1d39625ad3f0e0a0a633",
        "is_verified": false,
        "line_number": 253
      },
      {
        "type": "Hex High Entropy String",
        "filename": "dagua/eval/ruler_v4/contracts.py",
        "hashed_secret": "e2739cc0dd6f718f7e3e28f371c375292523d4c7",
        "is_verified": false,
        "line_number": 258
      }
    ],
    "dagua/eval/ruler_v4/events.py": [
      {
        "type": "Hex High Entropy String",
        "filename": "dagua/eval/ruler_v4/events.py",
        "hashed_secret": "ff19b966f09c9e183e5bf95a0fb444b547b08e31",
        "is_verified": false,
        "line_number": 18
      },
      {
        "type": "Hex High Entropy String",
        "filename": "dagua/eval/ruler_v4/events.py",
        "hashed_secret": "1bdcb1f17dec23e6584fd905aec9c6920a9b5a4a",
        "is_verified": false,
        "line_number": 19
      },
      {
        "type": "Hex High Entropy String",
        "filename": "dagua/eval/ruler_v4/events.py",
        "hashed_secret": "d67d1887c2cc74f70d1384942109931d75d7000e",
        "is_verified": false,
        "line_number": 24
      },
      {
        "type": "Hex High Entropy String",
        "filename": "dagua/eval/ruler_v4/events.py",
        "hashed_secret": "9c1e3ffc16774f02994f6f980e49cbc0a7f9c401",
        "is_verified": false,
        "line_number": 25
      },
      {
        "type": "Hex High Entropy String",
        "filename": "dagua/eval/ruler_v4/events.py",
        "hashed_secret": "f509a9b23244d35c8487eda9d5e1c56ba9b7a5e4",
        "is_verified": false,
        "line_number": 30
      },
      {
        "type": "Hex High Entropy String",
        "filename": "dagua/eval/ruler_v4/events.py",
        "hashed_secret": "b52cb39d6944f906daa94c13dea06c88ac5150dd",
        "is_verified": false,
        "line_number": 31
      }
    ],
    "dagua/graphs/holdout/MANIFEST.json": [
      {
        "type": "Hex High Entropy String",
        "filename": "dagua/graphs/holdout/MANIFEST.json",
        "hashed_secret": "d68736a059bdc5f4b4064555b1fe8736790c0cc3",
        "is_verified": false,
        "line_number": 11
      },
      {
        "type": "Hex High Entropy String",
        "filename": "dagua/graphs/holdout/MANIFEST.json",
        "hashed_secret": "9410181b7493ff65b39cbfe5ab4d4667cda214ff",
        "is_verified": false,
        "line_number": 67
      },
      {
        "type": "Hex High Entropy String",
        "filename": "dagua/graphs/holdout/MANIFEST.json",
        "hashed_secret": "fd2af691239cd6d3b2b28210a7f460303928e95f",
        "is_verified": false,
        "line_number": 83
      },
      {
        "type": "Hex High Entropy String",
        "filename": "dagua/graphs/holdout/MANIFEST.json",
        "hashed_secret": "7d0df5d9fd594d8dfb24206b9c4760fc87c222fb",
        "is_verified": false,
        "line_number": 107
      },
      {
        "type": "Hex High Entropy String",
        "filename": "dagua/graphs/holdout/MANIFEST.json",
        "hashed_secret": "5b49bde782a5f8165bb340822211bcf78ccfe168",
        "is_verified": false,
        "line_number": 147
      },
      {
        "type": "Hex High Entropy String",
        "filename": "dagua/graphs/holdout/MANIFEST.json",
        "hashed_secret": "8eaf174a91d1f5d7091b9f32de9fb6a54d07a432",
        "is_verified": false,
        "line_number": 211
      },
      {
        "type": "Hex High Entropy String",
        "filename": "dagua/graphs/holdout/MANIFEST.json",
        "hashed_secret": "e09e2b1058f034dcbc7b93e28b27ba8f64c42e34",
        "is_verified": false,
        "line_number": 219
      }
    ],
    "tests/test_io.py": [
      {
        "type": "Secret Keyword",
        "filename": "tests/test_io.py",
        "hashed_secret": "3acfb2c2b433c0ea7ff107e33df91b18e52f960f",
        "is_verified": false,
        "line_number": 458
      },
      {
        "type": "Secret Keyword",
        "filename": "tests/test_io.py",
        "hashed_secret": "a62f2225bf70bfaccbc7f1ef2a397836717377de",
        "is_verified": false,
        "line_number": 506
      },
      {
        "type": "Secret Keyword",
        "filename": "tests/test_io.py",
        "hashed_secret": "bea2f7b64fab8d1d414d0449530b1e088d36d5b1",
        "is_verified": false,
        "line_number": 524
      }
    ]
  },
  "generated_at": "2026-08-15T09:59:36Z"
}
