{
  "version": "1.5.0",
  "plugins_used": [
    {
      "name": "ArtifactoryDetector"
    },
    {
      "name": "AWSKeyDetector"
    },
    {
      "name": "AzureStorageKeyDetector"
    },
    {
      "name": "Base64HighEntropyString",
      "limit": 4.5
    },
    {
      "name": "BasicAuthDetector"
    },
    {
      "name": "CloudantDetector"
    },
    {
      "name": "DiscordBotTokenDetector"
    },
    {
      "name": "GitHubTokenDetector"
    },
    {
      "name": "GitLabTokenDetector"
    },
    {
      "name": "HexHighEntropyString",
      "limit": 3.0
    },
    {
      "name": "IbmCloudIamDetector"
    },
    {
      "name": "IbmCosHmacDetector"
    },
    {
      "name": "IPPublicDetector"
    },
    {
      "name": "JwtTokenDetector"
    },
    {
      "name": "KeywordDetector",
      "keyword_exclude": ""
    },
    {
      "name": "MailchimpDetector"
    },
    {
      "name": "NpmDetector"
    },
    {
      "name": "OpenAIDetector"
    },
    {
      "name": "PrivateKeyDetector"
    },
    {
      "name": "PypiTokenDetector"
    },
    {
      "name": "SendGridDetector"
    },
    {
      "name": "SlackDetector"
    },
    {
      "name": "SoftlayerDetector"
    },
    {
      "name": "SquareOAuthDetector"
    },
    {
      "name": "StripeDetector"
    },
    {
      "name": "TelegramBotTokenDetector"
    },
    {
      "name": "TwilioKeyDetector"
    }
  ],
  "filters_used": [
    {
      "path": "detect_secrets.filters.allowlist.is_line_allowlisted"
    },
    {
      "path": "detect_secrets.filters.common.is_baseline_file",
      "filename": ".secrets.baseline"
    },
    {
      "path": "detect_secrets.filters.common.is_ignored_due_to_verification_policies",
      "min_level": 2
    },
    {
      "path": "detect_secrets.filters.heuristic.is_indirect_reference"
    },
    {
      "path": "detect_secrets.filters.heuristic.is_likely_id_string"
    },
    {
      "path": "detect_secrets.filters.heuristic.is_lock_file"
    },
    {
      "path": "detect_secrets.filters.heuristic.is_not_alphanumeric_string"
    },
    {
      "path": "detect_secrets.filters.heuristic.is_potential_uuid"
    },
    {
      "path": "detect_secrets.filters.heuristic.is_prefixed_with_dollar_sign"
    },
    {
      "path": "detect_secrets.filters.heuristic.is_sequential_string"
    },
    {
      "path": "detect_secrets.filters.heuristic.is_swagger_file"
    },
    {
      "path": "detect_secrets.filters.heuristic.is_templated_secret"
    }
  ],
  "results": {
    "dagua/graphs/holdout/MANIFEST.json": [
      {
        "type": "Hex High Entropy String",
        "filename": "dagua/graphs/holdout/MANIFEST.json",
        "hashed_secret": "1ee3bedc5b27f29182cc24fc569391e8feb478cf",
        "is_verified": false,
        "line_number": 20
      },
      {
        "type": "Hex High Entropy String",
        "filename": "dagua/graphs/holdout/MANIFEST.json",
        "hashed_secret": "29ec0cc94323a69029b450ee5ff036ab82e2a209",
        "is_verified": false,
        "line_number": 29
      },
      {
        "type": "Hex High Entropy String",
        "filename": "dagua/graphs/holdout/MANIFEST.json",
        "hashed_secret": "16213bff4d7c7a906931e0ad7e62c8b2649822ea",
        "is_verified": false,
        "line_number": 38
      },
      {
        "type": "Hex High Entropy String",
        "filename": "dagua/graphs/holdout/MANIFEST.json",
        "hashed_secret": "1cd8c8c8f9779aab5e71ef72fa937c331042519d",
        "is_verified": false,
        "line_number": 56
      },
      {
        "type": "Hex High Entropy String",
        "filename": "dagua/graphs/holdout/MANIFEST.json",
        "hashed_secret": "25b517ecab0760371fbe9e375750ed7e660e8006",
        "is_verified": false,
        "line_number": 65
      },
      {
        "type": "Hex High Entropy String",
        "filename": "dagua/graphs/holdout/MANIFEST.json",
        "hashed_secret": "28a78b0c8df4db2ee700d78e823d8a9e9dc4c8ad",
        "is_verified": false,
        "line_number": 74
      },
      {
        "type": "Hex High Entropy String",
        "filename": "dagua/graphs/holdout/MANIFEST.json",
        "hashed_secret": "9fc71d32fbf00380575358cba4f3e6b7fffccf72",
        "is_verified": false,
        "line_number": 83
      },
      {
        "type": "Hex High Entropy String",
        "filename": "dagua/graphs/holdout/MANIFEST.json",
        "hashed_secret": "c7511a2865236ddd372366f8a8ddb3eb8930fbaa",
        "is_verified": false,
        "line_number": 92
      },
      {
        "type": "Hex High Entropy String",
        "filename": "dagua/graphs/holdout/MANIFEST.json",
        "hashed_secret": "8e257b1f66b9d9d4018e6d330dfd9aecddc6f7ea",
        "is_verified": false,
        "line_number": 101
      },
      {
        "type": "Hex High Entropy String",
        "filename": "dagua/graphs/holdout/MANIFEST.json",
        "hashed_secret": "0260bef322cbefa1ad9b23bfba9685dbb52d51d3",
        "is_verified": false,
        "line_number": 119
      },
      {
        "type": "Hex High Entropy String",
        "filename": "dagua/graphs/holdout/MANIFEST.json",
        "hashed_secret": "6a63108db3929541e082f1e63827fe04c7711aa7",
        "is_verified": false,
        "line_number": 128
      },
      {
        "type": "Hex High Entropy String",
        "filename": "dagua/graphs/holdout/MANIFEST.json",
        "hashed_secret": "c4ba5703737c97f67ef4c7bc213fee5ab46fdcd3",
        "is_verified": false,
        "line_number": 155
      },
      {
        "type": "Hex High Entropy String",
        "filename": "dagua/graphs/holdout/MANIFEST.json",
        "hashed_secret": "c90e5d17feca183bef0f0fd69700f1f09113062f",
        "is_verified": false,
        "line_number": 164
      },
      {
        "type": "Hex High Entropy String",
        "filename": "dagua/graphs/holdout/MANIFEST.json",
        "hashed_secret": "6c34939193b69c27e97b4000eea7b75aefc52c61",
        "is_verified": false,
        "line_number": 173
      },
      {
        "type": "Hex High Entropy String",
        "filename": "dagua/graphs/holdout/MANIFEST.json",
        "hashed_secret": "4e14795bdd6e9da41641bc124bd04fdf270b486a",
        "is_verified": false,
        "line_number": 182
      },
      {
        "type": "Hex High Entropy String",
        "filename": "dagua/graphs/holdout/MANIFEST.json",
        "hashed_secret": "ac155a4284e0f5130db458c7f9bf35fc262b3348",
        "is_verified": false,
        "line_number": 191
      },
      {
        "type": "Hex High Entropy String",
        "filename": "dagua/graphs/holdout/MANIFEST.json",
        "hashed_secret": "9e0c551952773cc762fa2ff7d41915641b2ae198",
        "is_verified": false,
        "line_number": 200
      },
      {
        "type": "Hex High Entropy String",
        "filename": "dagua/graphs/holdout/MANIFEST.json",
        "hashed_secret": "3cf60eec184ef7a155f83e06c846e98fecc51c73",
        "is_verified": false,
        "line_number": 209
      },
      {
        "type": "Hex High Entropy String",
        "filename": "dagua/graphs/holdout/MANIFEST.json",
        "hashed_secret": "5f876aac31adfdc133cb510a6c82ff55260c10f3",
        "is_verified": false,
        "line_number": 218
      },
      {
        "type": "Hex High Entropy String",
        "filename": "dagua/graphs/holdout/MANIFEST.json",
        "hashed_secret": "a1dab3ecfa32c2530b9e385b35c14bb2030fe3f2",
        "is_verified": false,
        "line_number": 227
      },
      {
        "type": "Hex High Entropy String",
        "filename": "dagua/graphs/holdout/MANIFEST.json",
        "hashed_secret": "be8b8444130d67296bc8bddc7b2f6d9c5dd30048",
        "is_verified": false,
        "line_number": 236
      },
      {
        "type": "Hex High Entropy String",
        "filename": "dagua/graphs/holdout/MANIFEST.json",
        "hashed_secret": "5758229163576fca49b9380aae16a5103424db46",
        "is_verified": false,
        "line_number": 245
      },
      {
        "type": "Hex High Entropy String",
        "filename": "dagua/graphs/holdout/MANIFEST.json",
        "hashed_secret": "c1ec5877d1df5ffeae553b18dc8175e368addb90",
        "is_verified": false,
        "line_number": 254
      },
      {
        "type": "Hex High Entropy String",
        "filename": "dagua/graphs/holdout/MANIFEST.json",
        "hashed_secret": "f0bec49c96c44bb0d70649383965c2ffb1bb30ce",
        "is_verified": false,
        "line_number": 263
      },
      {
        "type": "Hex High Entropy String",
        "filename": "dagua/graphs/holdout/MANIFEST.json",
        "hashed_secret": "1d6c307c0e1c73343b8eaf30b0b7600c87cc2167",
        "is_verified": false,
        "line_number": 272
      }
    ],
    "eval_output/native_algo/competitor_versions.json": [
      {
        "type": "Hex High Entropy String",
        "filename": "eval_output/native_algo/competitor_versions.json",
        "hashed_secret": "fccd10e09605f48ca006738b2ec4b43737736bc9",
        "is_verified": false,
        "line_number": 9
      },
      {
        "type": "Hex High Entropy String",
        "filename": "eval_output/native_algo/competitor_versions.json",
        "hashed_secret": "ee27cba1ce8c4dcf7fd594065f45f5744ea28428",
        "is_verified": false,
        "line_number": 41
      },
      {
        "type": "Hex High Entropy String",
        "filename": "eval_output/native_algo/competitor_versions.json",
        "hashed_secret": "f6a44f8cafc08575ec41f4932a5031b0f58aba7e",
        "is_verified": false,
        "line_number": 49
      }
    ],
    "eval_output/native_algo/holdout_v1/metrics.json": [
      {
        "type": "Hex High Entropy String",
        "filename": "eval_output/native_algo/holdout_v1/metrics.json",
        "hashed_secret": "1ee3bedc5b27f29182cc24fc569391e8feb478cf",
        "is_verified": false,
        "line_number": 26
      },
      {
        "type": "Hex High Entropy String",
        "filename": "eval_output/native_algo/holdout_v1/metrics.json",
        "hashed_secret": "29ec0cc94323a69029b450ee5ff036ab82e2a209",
        "is_verified": false,
        "line_number": 36
      },
      {
        "type": "Hex High Entropy String",
        "filename": "eval_output/native_algo/holdout_v1/metrics.json",
        "hashed_secret": "16213bff4d7c7a906931e0ad7e62c8b2649822ea",
        "is_verified": false,
        "line_number": 46
      },
      {
        "type": "Hex High Entropy String",
        "filename": "eval_output/native_algo/holdout_v1/metrics.json",
        "hashed_secret": "1cd8c8c8f9779aab5e71ef72fa937c331042519d",
        "is_verified": false,
        "line_number": 66
      },
      {
        "type": "Hex High Entropy String",
        "filename": "eval_output/native_algo/holdout_v1/metrics.json",
        "hashed_secret": "25b517ecab0760371fbe9e375750ed7e660e8006",
        "is_verified": false,
        "line_number": 76
      },
      {
        "type": "Hex High Entropy String",
        "filename": "eval_output/native_algo/holdout_v1/metrics.json",
        "hashed_secret": "28a78b0c8df4db2ee700d78e823d8a9e9dc4c8ad",
        "is_verified": false,
        "line_number": 86
      },
      {
        "type": "Hex High Entropy String",
        "filename": "eval_output/native_algo/holdout_v1/metrics.json",
        "hashed_secret": "9fc71d32fbf00380575358cba4f3e6b7fffccf72",
        "is_verified": false,
        "line_number": 96
      },
      {
        "type": "Hex High Entropy String",
        "filename": "eval_output/native_algo/holdout_v1/metrics.json",
        "hashed_secret": "c7511a2865236ddd372366f8a8ddb3eb8930fbaa",
        "is_verified": false,
        "line_number": 106
      },
      {
        "type": "Hex High Entropy String",
        "filename": "eval_output/native_algo/holdout_v1/metrics.json",
        "hashed_secret": "8e257b1f66b9d9d4018e6d330dfd9aecddc6f7ea",
        "is_verified": false,
        "line_number": 116
      },
      {
        "type": "Hex High Entropy String",
        "filename": "eval_output/native_algo/holdout_v1/metrics.json",
        "hashed_secret": "0260bef322cbefa1ad9b23bfba9685dbb52d51d3",
        "is_verified": false,
        "line_number": 136
      },
      {
        "type": "Hex High Entropy String",
        "filename": "eval_output/native_algo/holdout_v1/metrics.json",
        "hashed_secret": "6a63108db3929541e082f1e63827fe04c7711aa7",
        "is_verified": false,
        "line_number": 146
      },
      {
        "type": "Hex High Entropy String",
        "filename": "eval_output/native_algo/holdout_v1/metrics.json",
        "hashed_secret": "c4ba5703737c97f67ef4c7bc213fee5ab46fdcd3",
        "is_verified": false,
        "line_number": 176
      },
      {
        "type": "Hex High Entropy String",
        "filename": "eval_output/native_algo/holdout_v1/metrics.json",
        "hashed_secret": "c90e5d17feca183bef0f0fd69700f1f09113062f",
        "is_verified": false,
        "line_number": 186
      },
      {
        "type": "Hex High Entropy String",
        "filename": "eval_output/native_algo/holdout_v1/metrics.json",
        "hashed_secret": "6c34939193b69c27e97b4000eea7b75aefc52c61",
        "is_verified": false,
        "line_number": 196
      },
      {
        "type": "Hex High Entropy String",
        "filename": "eval_output/native_algo/holdout_v1/metrics.json",
        "hashed_secret": "4e14795bdd6e9da41641bc124bd04fdf270b486a",
        "is_verified": false,
        "line_number": 206
      },
      {
        "type": "Hex High Entropy String",
        "filename": "eval_output/native_algo/holdout_v1/metrics.json",
        "hashed_secret": "ac155a4284e0f5130db458c7f9bf35fc262b3348",
        "is_verified": false,
        "line_number": 216
      },
      {
        "type": "Hex High Entropy String",
        "filename": "eval_output/native_algo/holdout_v1/metrics.json",
        "hashed_secret": "9e0c551952773cc762fa2ff7d41915641b2ae198",
        "is_verified": false,
        "line_number": 226
      },
      {
        "type": "Hex High Entropy String",
        "filename": "eval_output/native_algo/holdout_v1/metrics.json",
        "hashed_secret": "3cf60eec184ef7a155f83e06c846e98fecc51c73",
        "is_verified": false,
        "line_number": 236
      },
      {
        "type": "Hex High Entropy String",
        "filename": "eval_output/native_algo/holdout_v1/metrics.json",
        "hashed_secret": "5f876aac31adfdc133cb510a6c82ff55260c10f3",
        "is_verified": false,
        "line_number": 246
      },
      {
        "type": "Hex High Entropy String",
        "filename": "eval_output/native_algo/holdout_v1/metrics.json",
        "hashed_secret": "a1dab3ecfa32c2530b9e385b35c14bb2030fe3f2",
        "is_verified": false,
        "line_number": 256
      },
      {
        "type": "Hex High Entropy String",
        "filename": "eval_output/native_algo/holdout_v1/metrics.json",
        "hashed_secret": "be8b8444130d67296bc8bddc7b2f6d9c5dd30048",
        "is_verified": false,
        "line_number": 266
      },
      {
        "type": "Hex High Entropy String",
        "filename": "eval_output/native_algo/holdout_v1/metrics.json",
        "hashed_secret": "5758229163576fca49b9380aae16a5103424db46",
        "is_verified": false,
        "line_number": 276
      },
      {
        "type": "Hex High Entropy String",
        "filename": "eval_output/native_algo/holdout_v1/metrics.json",
        "hashed_secret": "c1ec5877d1df5ffeae553b18dc8175e368addb90",
        "is_verified": false,
        "line_number": 286
      },
      {
        "type": "Hex High Entropy String",
        "filename": "eval_output/native_algo/holdout_v1/metrics.json",
        "hashed_secret": "f0bec49c96c44bb0d70649383965c2ffb1bb30ce",
        "is_verified": false,
        "line_number": 296
      },
      {
        "type": "Hex High Entropy String",
        "filename": "eval_output/native_algo/holdout_v1/metrics.json",
        "hashed_secret": "1d6c307c0e1c73343b8eaf30b0b7600c87cc2167",
        "is_verified": false,
        "line_number": 306
      }
    ],
    "tests/test_io.py": [
      {
        "type": "Secret Keyword",
        "filename": "tests/test_io.py",
        "hashed_secret": "3acfb2c2b433c0ea7ff107e33df91b18e52f960f",
        "is_verified": false,
        "line_number": 458
      },
      {
        "type": "Secret Keyword",
        "filename": "tests/test_io.py",
        "hashed_secret": "a62f2225bf70bfaccbc7f1ef2a397836717377de",
        "is_verified": false,
        "line_number": 506
      },
      {
        "type": "Secret Keyword",
        "filename": "tests/test_io.py",
        "hashed_secret": "bea2f7b64fab8d1d414d0449530b1e088d36d5b1",
        "is_verified": false,
        "line_number": 524
      }
    ]
  },
  "generated_at": "2026-04-22T20:06:26Z"
}
