{
  "version": "1.5.0",
  "plugins_used": [
    {
      "name": "ArtifactoryDetector"
    },
    {
      "name": "AWSKeyDetector"
    },
    {
      "name": "AzureStorageKeyDetector"
    },
    {
      "name": "Base64HighEntropyString",
      "limit": 4.5
    },
    {
      "name": "BasicAuthDetector"
    },
    {
      "name": "CloudantDetector"
    },
    {
      "name": "DiscordBotTokenDetector"
    },
    {
      "name": "GitHubTokenDetector"
    },
    {
      "name": "GitLabTokenDetector"
    },
    {
      "name": "HexHighEntropyString",
      "limit": 3.0
    },
    {
      "name": "IbmCloudIamDetector"
    },
    {
      "name": "IbmCosHmacDetector"
    },
    {
      "name": "IPPublicDetector"
    },
    {
      "name": "JwtTokenDetector"
    },
    {
      "name": "KeywordDetector",
      "keyword_exclude": ""
    },
    {
      "name": "MailchimpDetector"
    },
    {
      "name": "NpmDetector"
    },
    {
      "name": "OpenAIDetector"
    },
    {
      "name": "PrivateKeyDetector"
    },
    {
      "name": "PypiTokenDetector"
    },
    {
      "name": "SendGridDetector"
    },
    {
      "name": "SlackDetector"
    },
    {
      "name": "SoftlayerDetector"
    },
    {
      "name": "SquareOAuthDetector"
    },
    {
      "name": "StripeDetector"
    },
    {
      "name": "TelegramBotTokenDetector"
    },
    {
      "name": "TwilioKeyDetector"
    }
  ],
  "filters_used": [
    {
      "path": "detect_secrets.filters.allowlist.is_line_allowlisted"
    },
    {
      "path": "detect_secrets.filters.common.is_baseline_file",
      "filename": ".secrets.baseline"
    },
    {
      "path": "detect_secrets.filters.common.is_ignored_due_to_verification_policies",
      "min_level": 2
    },
    {
      "path": "detect_secrets.filters.heuristic.is_indirect_reference"
    },
    {
      "path": "detect_secrets.filters.heuristic.is_likely_id_string"
    },
    {
      "path": "detect_secrets.filters.heuristic.is_lock_file"
    },
    {
      "path": "detect_secrets.filters.heuristic.is_not_alphanumeric_string"
    },
    {
      "path": "detect_secrets.filters.heuristic.is_potential_uuid"
    },
    {
      "path": "detect_secrets.filters.heuristic.is_prefixed_with_dollar_sign"
    },
    {
      "path": "detect_secrets.filters.heuristic.is_sequential_string"
    },
    {
      "path": "detect_secrets.filters.heuristic.is_swagger_file"
    },
    {
      "path": "detect_secrets.filters.heuristic.is_templated_secret"
    },
    {
      "path": "detect_secrets.filters.regex.should_exclude_file",
      "pattern": [
        "eval_output/.*"
      ]
    }
  ],
  "results": {
    "dagua/eval/competitors/classic_competitor.py": [
      {
        "type": "Hex High Entropy String",
        "filename": "dagua/eval/competitors/classic_competitor.py",
        "hashed_secret": "d41875d1574bd61de639997d8007f46d97b82f6c",
        "is_verified": false,
        "line_number": 833
      },
      {
        "type": "Hex High Entropy String",
        "filename": "dagua/eval/competitors/classic_competitor.py",
        "hashed_secret": "79edf14881a5cfcd6747a42c1fa2b2ceb6dab2a7",
        "is_verified": false,
        "line_number": 1330
      }
    ],
    "dagua/graphs/holdout/MANIFEST.json": [
      {
        "type": "Hex High Entropy String",
        "filename": "dagua/graphs/holdout/MANIFEST.json",
        "hashed_secret": "d68736a059bdc5f4b4064555b1fe8736790c0cc3",
        "is_verified": false,
        "line_number": 11
      },
      {
        "type": "Hex High Entropy String",
        "filename": "dagua/graphs/holdout/MANIFEST.json",
        "hashed_secret": "9410181b7493ff65b39cbfe5ab4d4667cda214ff",
        "is_verified": false,
        "line_number": 67
      },
      {
        "type": "Hex High Entropy String",
        "filename": "dagua/graphs/holdout/MANIFEST.json",
        "hashed_secret": "fd2af691239cd6d3b2b28210a7f460303928e95f",
        "is_verified": false,
        "line_number": 83
      },
      {
        "type": "Hex High Entropy String",
        "filename": "dagua/graphs/holdout/MANIFEST.json",
        "hashed_secret": "7d0df5d9fd594d8dfb24206b9c4760fc87c222fb",
        "is_verified": false,
        "line_number": 107
      },
      {
        "type": "Hex High Entropy String",
        "filename": "dagua/graphs/holdout/MANIFEST.json",
        "hashed_secret": "5b49bde782a5f8165bb340822211bcf78ccfe168",
        "is_verified": false,
        "line_number": 147
      },
      {
        "type": "Hex High Entropy String",
        "filename": "dagua/graphs/holdout/MANIFEST.json",
        "hashed_secret": "8eaf174a91d1f5d7091b9f32de9fb6a54d07a432",
        "is_verified": false,
        "line_number": 211
      },
      {
        "type": "Hex High Entropy String",
        "filename": "dagua/graphs/holdout/MANIFEST.json",
        "hashed_secret": "e09e2b1058f034dcbc7b93e28b27ba8f64c42e34",
        "is_verified": false,
        "line_number": 219
      }
    ],
    "tests/test_io.py": [
      {
        "type": "Secret Keyword",
        "filename": "tests/test_io.py",
        "hashed_secret": "3acfb2c2b433c0ea7ff107e33df91b18e52f960f",
        "is_verified": false,
        "line_number": 458
      },
      {
        "type": "Secret Keyword",
        "filename": "tests/test_io.py",
        "hashed_secret": "a62f2225bf70bfaccbc7f1ef2a397836717377de",
        "is_verified": false,
        "line_number": 506
      },
      {
        "type": "Secret Keyword",
        "filename": "tests/test_io.py",
        "hashed_secret": "bea2f7b64fab8d1d414d0449530b1e088d36d5b1",
        "is_verified": false,
        "line_number": 524
      }
    ]
  },
  "generated_at": "2026-07-11T18:55:47Z"
}
